# Condition (C): dim F[x_0..x_{2k+1}]/(e_odd; x_i^{p-1}) against Q_k(p), from the logs ta_*.log of regla296 (Macaulay2).
k p char dimA Q_k(p) a(T+1) E verdict
1 11 11 270 270 0 192 OK
1 13 13 396 396 0 300 OK
1 5 5 36 36 0 12 OK
1 7 7 90 90 0 48 OK
2 11 11 10900 10900 0 15603 OK
2 13 13 19920 19920 0 30303 OK
2 17 17 50560 50560 0 82743 OK
2 19 19 73620 73620 0 123363 OK
2 23 23 138820 138820 0 240603 OK
2 29 29 295120 295120 0 528063 OK
2 3 3 20 20 0 3 OK
2 31 31 365700 365700 0 659403 OK
2 5 5 400 400 0 303 OK
2 5 0 400 400 0 303 OK
2 7 7 1860 1860 0 2043 OK
2 7 0 1860 1860 0 2043 OK
2 7 32003 1860 1860 0 2043 OK
3 11 11 551950 551950 0 1149592 OK
# ta_3_13.log no result (stopped by the guard)
3 3 3 70 70 0 24 OK
3 5 5 4900 4900 0 5596 OK
3 5 0 4900 4900 0 5596 OK
3 7 7 44730 44730 0 71368 OK
4 3 3 252 252 0 135 OK
4 5 5 63504 63504 0 94395 OK
5 3 3 924 924 0 663 OK
6 3 3 3432 3432 0 3045 OK
cells in characteristic p with (C) verified: 22
FIN-OK
