(4, 3) T orbits 1
    ('e3=0', False) 1.0
    ('e5=0', True) 1.0
    ('nvals', 1) 1.0
    ('pairs', 0) 1.0
    ('pairs,wmin', 0, 2) 1.0
    ('shape', (6,)) 1.0
    ('tri', True) 1.0
    ('weights', (2, 4)) 1.0
    ('wmin', 2) 1.0
(4, 5) T orbits 105
    ('e3=0', False) 105.0
    ('e5=0', False) 105.0
    ('nvals', 2) 15.0
    ('nvals', 3) 90.0
    ('pairs', 0) 15.0
    ('pairs', 1) 90.0
    ('pairs,wmin', 0, 2) 15.0
    ('pairs,wmin', 1, 2) 90.0
    ('shape', (3, 2, 1)) 60.0
    ('shape', (4, 1, 1)) 30.0
    ('shape', (4, 2)) 15.0
    ('tri', False) 30.0
    ('tri', True) 75.0
    ('weights', (2, 2, 4, 4)) 15.0
    ('weights', (2, 3, 3, 4)) 90.0
    ('wmin', 2) 105.0
(4, 7) T orbits 801
    ('e3=0', False) 741.0
    ('e3=0', True) 60.0
    ('e5=0', False) 771.0
    ('e5=0', True) 30.0
    ('nvals', 2) 21.0
    ('nvals', 3) 180.0
    ('nvals', 4) 600.0
    ('pairs', 0) 111.0
    ('pairs', 1) 690.0
    ('pairs,wmin', 0, 1) 6.0
    ('pairs,wmin', 0, 2) 105.0
    ('pairs,wmin', 1, 2) 690.0
    ('shape', (2, 2, 1, 1)) 360.0
    ('shape', (2, 2, 2)) 30.0
    ('shape', (3, 1, 1, 1)) 240.0
    ('shape', (3, 2, 1)) 120.0
    ('shape', (4, 1, 1)) 30.0
    ('shape', (4, 2)) 15.0
    ('shape', (5, 1)) 6.0
    ('tri', False) 216.0
    ('tri', True) 585.0
    ('weights', (1, 2, 3, 3, 4, 5)) 6.0
    ('weights', (2, 2, 2, 4, 4, 4)) 45.0
    ('weights', (2, 2, 3, 3, 4, 4)) 270.0
    ('weights', (2, 3, 3, 3, 3, 4)) 480.0
    ('wmin', 1) 6.0
    ('wmin', 2) 795.0
FIN-OK
VIGIA-FIN-OK exit=0 pico_kb=3968 t=0s
